// Jest Snapshot v1, https://goo.gl/fbAQLP

exports[`<App /> renders well 1`] = `
<styled.main>
  <p>
    Hello!
  </p>
</styled.main>
`;
